// Jest Snapshot v1, https://goo.gl/fbAQLP

exports[`Nav renders correctly 1`] = `
<View
  id="nav"
  style={
    {
      "alignItems": "stretch",
      "flexDirection": "row",
      "height": 52,
      "justifyContent": "space-between",
      "position": "relative",
    }
  }
>
  <View
    style={
      {
        "alignItems": "stretch",
        "flexDirection": "row",
        "justifyContent": "center",
      }
    }
  >
    <View
      accessibilityState={
        {
          "busy": undefined,
          "checked": undefined,
          "disabled": undefined,
          "expanded": undefined,
          "selected": undefined,
        }
      }
      accessibilityValue={
        {
          "max": undefined,
          "min": undefined,
          "now": undefined,
          "text": undefined,
        }
      }
      accessible={true}
      collapsable={false}
      focusable={true}
      href="../"
      onBlur={[Function]}
      onClick={[Function]}
      onFocus={[Function]}
      onResponderGrant={[Function]}
      onResponderMove={[Function]}
      onResponderRelease={[Function]}
      onResponderTerminate={[Function]}
      onResponderTerminationRequest={[Function]}
      onStartShouldSetResponder={[Function]}
      role="link"
      style={
        {
          "justifyContent": "center",
          "paddingHorizontal": 8,
        }
      }
    >
      <Text />
    </View>
  </View>
  <View
    style={
      {
        "alignItems": "stretch",
        "flexDirection": "row",
        "justifyContent": "center",
      }
    }
  />
</View>
`;
