// Jest Snapshot v1, https://goo.gl/fbAQLP

exports[`Detail renders correctly 1`] = `
<View
  style={
    [
      {
        "backgroundColor": "#fff",
      },
      {
        "borderTopColor": "#e4e4e7",
        "borderTopWidth": 1,
        "elevation": 4,
        "flexDirection": "row",
        "height": 64,
        "justifyContent": "space-around",
      },
    ]
  }
>
  <View
    accessibilityState={
      {
        "busy": undefined,
        "checked": undefined,
        "disabled": undefined,
        "expanded": undefined,
        "selected": undefined,
      }
    }
    accessibilityValue={
      {
        "max": undefined,
        "min": undefined,
        "now": undefined,
        "text": undefined,
      }
    }
    accessible={true}
    collapsable={false}
    focusable={true}
    href="edit/123"
    onBlur={[Function]}
    onClick={[Function]}
    onFocus={[Function]}
    onResponderGrant={[Function]}
    onResponderMove={[Function]}
    onResponderRelease={[Function]}
    onResponderTerminate={[Function]}
    onResponderTerminationRequest={[Function]}
    onStartShouldSetResponder={[Function]}
    role="link"
    style={
      {
        "alignItems": "center",
        "flex": 1,
        "gap": 5,
        "justifyContent": "center",
      }
    }
    testID="edit-button"
  >
    <Text />
    <Text
      style={
        [
          {
            "color": "#11181C",
          },
          {
            "fontSize": 16,
          },
          undefined,
          undefined,
          undefined,
          undefined,
          {
            "fontSize": 10,
          },
        ]
      }
    >
      Edit
    </Text>
  </View>
  <View
    accessibilityState={
      {
        "busy": undefined,
        "checked": undefined,
        "disabled": undefined,
        "expanded": undefined,
        "selected": undefined,
      }
    }
    accessibilityValue={
      {
        "max": undefined,
        "min": undefined,
        "now": undefined,
        "text": undefined,
      }
    }
    accessible={true}
    collapsable={false}
    focusable={true}
    onBlur={[Function]}
    onClick={[Function]}
    onFocus={[Function]}
    onResponderGrant={[Function]}
    onResponderMove={[Function]}
    onResponderRelease={[Function]}
    onResponderTerminate={[Function]}
    onResponderTerminationRequest={[Function]}
    onStartShouldSetResponder={[Function]}
    style={
      {
        "alignItems": "center",
        "flex": 1,
        "gap": 5,
        "justifyContent": "center",
      }
    }
    testID="delete-button"
  >
    <Text />
    <Text
      style={
        [
          {
            "color": "#11181C",
          },
          {
            "fontSize": 16,
          },
          undefined,
          undefined,
          undefined,
          undefined,
          {
            "fontSize": 10,
          },
        ]
      }
    >
      Delete
    </Text>
  </View>
  <View
    accessibilityState={
      {
        "busy": undefined,
        "checked": undefined,
        "disabled": undefined,
        "expanded": undefined,
        "selected": undefined,
      }
    }
    accessibilityValue={
      {
        "max": undefined,
        "min": undefined,
        "now": undefined,
        "text": undefined,
      }
    }
    accessible={true}
    collapsable={false}
    focusable={true}
    onBlur={[Function]}
    onClick={[Function]}
    onFocus={[Function]}
    onResponderGrant={[Function]}
    onResponderMove={[Function]}
    onResponderRelease={[Function]}
    onResponderTerminate={[Function]}
    onResponderTerminationRequest={[Function]}
    onStartShouldSetResponder={[Function]}
    style={
      {
        "alignItems": "center",
        "flex": 1,
        "gap": 5,
        "justifyContent": "center",
      }
    }
    testID="share-button"
  >
    <Text />
    <Text
      style={
        [
          {
            "color": "#11181C",
          },
          {
            "fontSize": 16,
          },
          undefined,
          undefined,
          undefined,
          undefined,
          {
            "fontSize": 10,
          },
        ]
      }
    >
      Share
    </Text>
  </View>
</View>
`;
